Testing Supabase Storage Connection...
URL: https://fuslpbldfluzvksyjopi.supabase.co
Γ£à Buckets found: []
